
Demo@DESKTOP-6F1K2VS MINGW64 /d/Git/Tutorial/coffe (master)
$ git init
Initialized empty Git repository in D:/Git/Tutorial/coffe/.git/

Demo@DESKTOP-6F1K2VS MINGW64 /d/Git/Tutorial/coffe (master)
$ git config --global user.name "Toha"

Demo@DESKTOP-6F1K2VS MINGW64 /d/Git/Tutorial/coffe (master)
$ git config --global user.email "md.t.kamal539@gmail.com"

Demo@DESKTOP-6F1K2VS MINGW64 /d/Git/Tutorial/coffe (master)
$ git config --list
diff.astextplain.textconv=astextplain
filter.lfs.clean=git-lfs clean -- %f
filter.lfs.smudge=git-lfs smudge -- %f
filter.lfs.process=git-lfs filter-process
filter.lfs.required=true
http.sslbackend=schannel
core.autocrlf=true
core.fscache=true
core.symlinks=false
pull.rebase=false
credential.helper=manager
credential.https://dev.azure.com.usehttppath=true
init.defaultbranch=master
gui.recentrepo=D:/Git/Tutorial
user.name=Toha
user.email=md.t.kamal539@gmail.com
core.repositoryformatversion=0
core.filemode=false
core.bare=false
core.logallrefupdates=true
core.symlinks=false
core.ignorecase=true

Demo@DESKTOP-6F1K2VS MINGW64 /d/Git/Tutorial/coffe (master)
$ ^C

Demo@DESKTOP-6F1K2VS MINGW64 /d/Git/Tutorial/coffe (master)
$ ^C

Demo@DESKTOP-6F1K2VS MINGW64 /d/Git/Tutorial/coffe (master)
$

Demo@DESKTOP-6F1K2VS MINGW64 /d/Git/Tutorial/coffe (master)
$ git status
On branch master

No commits yet

Untracked files:
  (use "git add <file>..." to include in what will be committed)
        cold.txt
        demo.txt
        hot.txt

nothing added to commit but untracked files present (use "git add" to track)

Demo@DESKTOP-6F1K2VS MINGW64 /d/Git/Tutorial/coffe (master)
$ git add cold.txt

Demo@DESKTOP-6F1K2VS MINGW64 /d/Git/Tutorial/coffe (master)
$ git status
On branch master

No commits yet

Changes to be committed:
  (use "git rm --cached <file>..." to unstage)
        new file:   cold.txt

Untracked files:
  (use "git add <file>..." to include in what will be committed)
        demo.txt
        hot.txt


Demo@DESKTOP-6F1K2VS MINGW64 /d/Git/Tutorial/coffe (master)
$


Demo@DESKTOP-6F1K2VS MINGW64 /d/Git/Tutorial/coffe (master)
$ git add .

Demo@DESKTOP-6F1K2VS MINGW64 /d/Git/Tutorial/coffe (master)
$ git status
On branch master

No commits yet

Changes to be committed:
  (use "git rm --cached <file>..." to unstage)
        new file:   cold.txt
        new file:   demo.txt
        new file:   hot.txt


Demo@DESKTOP-6F1K2VS MINGW64 /d/Git/Tutorial/coffe (master)
$











